[digital-flow-staging.b12sites.com/index.html]
[backblue.gif]
[fade.gif]
[index.html]
[code.jquery.com/jquery-3.3.1.min.js]
[cdn.b12.io/client_media/arDhRqG2/7726ccf8-f551-11ef-81c4-0242ac110002-1-regular_image.png]
[cdn.b12.io/client_media/arDhRqG2/2cf590d8-f53d-11ef-a38c-0242ac110002-png-hero_image.png]
[cdn.b12.io/client_media/arDhRqG2/813a2be4-f54d-11ef-abca-0242ac110002-jpg-hero_image.jpg]
[cdn.b12.io/client_media/arDhRqG2/c74d1958-f533-11ef-9999-0242ac110002-jpg-hero_image.jpg]
[cdn.b12.io/client_media/arDhRqG2/c75e0cea-f533-11ef-9999-0242ac110002-jpg-regular_image.jpg]
[cdn.b12.io/client_media/arDhRqG2/7179a258-f53d-11ef-960e-0242ac110002-jpg-hero_image.jpg]
[cdn.b12.io/client_media/arDhRqG2/7193f310-f53d-11ef-960e-0242ac110002-jpg-regular_image.jpg]
[cdn.b12.io/client_media/arDhRqG2/ab79643a-f541-11ef-b7ca-0242ac110002-jpg-hero_image.jpg]
[cdn.b12.io/client_media/arDhRqG2/aba26a4c-f541-11ef-b7ca-0242ac110002-jpg-regular_image.jpg]
[cdn.b12.io/client_media/arDhRqG2/c7b820b8-f533-11ef-9999-0242ac110002-jpg-hero_image.jpg]
[cdn.b12.io/client_media/arDhRqG2/c7c82346-f533-11ef-9999-0242ac110002-jpg-regular_image.jpg]
[cdn.b12.io/client_media/arDhRqG2/122b50aa-f54a-11ef-814f-0242ac110002-jpg-hero_image.jpg]
[cdn.b12.io/client_media/arDhRqG2/123ec752-f54a-11ef-814f-0242ac110002-jpg-regular_image.jpg]
[cdn.b12.io/client_media/arDhRqG2/434e8792-f54a-11ef-aa4f-0242ac110002-jpg-hero_image.jpg]
[cdn.b12.io/client_media/arDhRqG2/437b606e-f54a-11ef-aa4f-0242ac110002-jpg-regular_image.jpg]
[cdn.b12.io/client_media/arDhRqG2/895b0e16-f542-11ef-b71d-0242ac110002-jpg-hero_image.jpg]
[cdn.b12.io/client_media/arDhRqG2/89715bee-f542-11ef-b71d-0242ac110002-jpg-regular_image.jpg]
[cdn.b12.io/client_media/arDhRqG2/e5991d88-f549-11ef-9023-0242ac110002-jpg-hero_image.jpg]
[cdn.b12.io/client_media/arDhRqG2/e5b0a016-f549-11ef-9023-0242ac110002-jpg-regular_image.jpg]
[cdn.b12.io/client_media/arDhRqG2/f4d231ce-f542-11ef-b099-0242ac110002-jpg-hero_image.jpg]
[cdn.b12.io/client_media/arDhRqG2/f4f67f34-f542-11ef-b099-0242ac110002-jpg-regular_image.jpg]
[cdn.b12.io/prod_traffic/global.js]
[www.google.com/recaptcha/apifb47.js]
[digital-flow-staging.b12sites.com/index.html]
